Last login: Fri Mar  4 07:59:57 on ttys002
epicodus-32:shoe_stores Guest$ mysql.server start
Starting MySQL
 SUCCESS!
epicodus-32:shoe_stores Guest$ mysql -uroot -proot
mysql: [Warning] Using a password on the command line interface can be insecure.
Welcome to the MySQL monitor.  Commands end with ; or \g.
Your MySQL connection id is 2
Server version: 5.7.10 Homebrew

Copyright (c) 2000, 2015, Oracle and/or its affiliates. All rights reserved.

Oracle is a registered trademark of Oracle Corporation and/or its
affiliates. Other names may be trademarks of their respective
owners.

Type 'help;' or '\h' for help. Type '\c' to clear the current input statement.

mysql> CREATE DATABASE shoes;
Query OK, 1 row affected (0.00 sec)

mysql> USE shoes;
Database changed
mysql> CREATE TABLE stores (id serial PRIMARY KEY, store_name VARCHAR (255));
Query OK, 0 rows affected (0.07 sec)

mysql> CREATE TABLE brands (id serial PRIMARY KEY, brand_name VARCHAR (255));
Query OK, 0 rows affected (0.08 sec)

mysql> CREATE TABLE stores_brands brand (id serial PRIMARY KEY, store_id INT, brand_id INT);
ERROR 1064 (42000): You have an error in your SQL syntax; check the manual that corresponds to your MySQL server version for the right syntax to use near 'brand (id serial PRIMARY KEY, store_id INT, brand_id INT)' at line 1
mysql> CREATE TABLE stores_brands (id serial PRIMARY KEY, store_id INT, brand_id INT);
Query OK, 0 rows affected (0.07 sec)
